// Jest Snapshot v1, https://goo.gl/fbAQLP

exports[`should render a single homepage 1`] = `
<div>
  <p>
    Home
  </p>
</div>
`;
