// Jest Snapshot v1, https://goo.gl/fbAQLP

exports[`should list some teams 1`] = `
<div>
  <h1>
    Teams:
  </h1>
  <a
    class="App-link"
    href="/teams/new"
  >
    Add a team!
  </a>
  <ul />
</div>
`;
